// Jest Snapshot v1, https://goo.gl/fbAQLP

exports[`HdNotifications renders the component corrently 1`] = `
<div class="notifications"><span name="notifications-bar-" tag="div"><div class="notifications-bar notifications-bar--notification"><div class="notifications-bar__icon"><!----></div> <div class="notifications-bar__content"><p>
          Hello world
          <!----></p></div></div><div class="notifications-bar notifications-bar--notification notifications-bar--visible"><div class="notifications-bar__icon"><!----></div> <div class="notifications-bar__content"><p>
          Welcome to
          <a href="props.notification.url">Homeday</a></p></div></div></span>
  <div class="notifications__sizer" style="height: 0px;"></div>
</div>
`;
